../Core/Src/main.c:82:5:main	8	static
../Core/Src/main.c:133:6:SystemClock_Config	88	static
../Core/Src/main.c:179:13:MX_ADC1_Init	56	static
../Core/Src/main.c:247:13:MX_I2C1_Init	8	static
../Core/Src/main.c:295:13:MX_SPI1_Init	8	static
../Core/Src/main.c:335:13:MX_TIM1_Init	120	static
../Core/Src/main.c:429:13:MX_TIM8_Init	120	static
../Core/Src/main.c:523:13:MX_USART2_UART_Init	8	static
../Core/Src/main.c:571:13:MX_USART3_UART_Init	8	static
../Core/Src/main.c:619:13:MX_GPIO_Init	40	static
../Core/Src/main.c:654:6:Error_Handler	4	static,ignoring_inline_asm
