../User/mpu6500.c:21:7:inv_sqrt	32	static
../User/mpu6500.c:34:9:mpu_write_byte	24	static
../User/mpu6500.c:45:9:mpu_read_byte	24	static
../User/mpu6500.c:56:9:mpu_read_bytes	24	static
../User/mpu6500.c:70:9:mpu_set_gyro_fsr	16	static
../User/mpu6500.c:75:9:mpu_set_accel_fsr	16	static
../User/mpu6500.c:80:6:mpu_get_data	8	static
../User/mpu6500.c:105:6:mpu_offset_call	16	static
../User/mpu6500.c:131:9:mpu_device_init	32	static
../User/mpu6500.c:163:6:init_quaternion	48	static
../User/mpu6500.c:313:6:imu_ahrs_update	128	static
../User/mpu6500.c:410:6:imu_attitude_update	32	static
