../User/mpu6500.c:21:7:inv_sqrt	32	static
../User/mpu6500.c:34:9:mpu_write_byte	24	static
../User/mpu6500.c:45:9:mpu_read_byte	24	static
../User/mpu6500.c:56:9:mpu_read_bytes	24	static
../User/mpu6500.c:68:9:mpu_set_gyro_fsr	16	static
../User/mpu6500.c:73:9:mpu_set_accel_fsr	16	static
../User/mpu6500.c:78:6:mpu_get_data	8	static
../User/mpu6500.c:103:6:mpu_offset_call	16	static
../User/mpu6500.c:129:9:IMU_Init	32	static
../User/mpu6500.c:162:6:init_quaternion	48	static
../User/mpu6500.c:312:6:imu_ahrs_update	128	static
../User/mpu6500.c:409:6:imu_attitude_update	32	static
