../User/userTimer.c:10:6:dealPer100us	8	static
../User/userTimer.c:21:13:dealPerMs	4	static
../User/userTimer.c:128:6:initializeClock	4	static
../User/userTimer.c:138:15:getFrequence	4	static
../User/userTimer.c:145:6:getOneSecFlag	4	static
../User/userTimer.c:156:6:getOneMsFlag	4	static
../User/userTimer.c:167:6:getPowerLost	4	static
../User/userTimer.c:173:6:getCrossZero	4	static
../User/userTimer.c:177:6:get5MsFlag	4	static
../User/userTimer.c:190:6:get10MsFlag	4	static
../User/userTimer.c:203:6:get20MsFlag	4	static
../User/userTimer.c:216:6:get30MsFlag	4	static
../User/userTimer.c:229:6:get100MsFlag	4	static
../User/userTimer.c:242:6:get500MsFlag	4	static
